"H"
"H"